// Jest Snapshot v1, https://goo.gl/fbAQLP

exports[`DashBoard snapshot 1`] = `
<div>
  <div
    className="col-md-4"
  >
    <div
      className="usd_field"
    >
      <br />
      <img
        className="home_price_image"
        src="/images/USD_Logo.png"
      />
      <font
        className="home_price"
        id="_USD"
      >
        1
      </font>
    </div>
    <div
      className="usd_field"
    >
      <br />
      <img
        className="home_price_image"
        src="/images/BTC_Logo.png"
      />
      <font
        className="home_price"
        id="_BTC"
      >
        5606.49
      </font>
    </div>
    <div
      className="usd_field"
    >
      <br />
      <img
        className="home_price_image"
        src="/images/ETH_Logo.png"
      />
      <font
        className="home_price"
        id="_ETH"
      >
        176.28
      </font>
    </div>
    <div
      className="usd_field"
    >
      <br />
      <img
        className="home_price_image"
        src="/images/DASH_Logo.png"
      />
      <font
        className="home_price"
        id="_DASH"
      >
        133.94
      </font>
    </div>
  </div>
  <div
    className="col-md-4"
  >
    <div
      className="usd_field"
    >
      <br />
      <img
        className="home_price_image"
        src="/images/EUR_Logo.svg"
      />
      <font
        className="home_price"
        id="_EUR"
      >
        1.14
      </font>
    </div>
    <div
      className="usd_field"
    >
      <br />
      <img
        className="home_price_image"
        src="/images/LTC_Logo.png"
      />
      <font
        className="home_price"
        id="_LTC"
      >
        42.22
      </font>
    </div>
    <div
      className="usd_field"
    >
      <br />
      <img
        className="home_price_image"
        src="/images/ETC_Logo.svg"
      />
      <font
        className="home_price"
        id="_ETC"
      >
        7.47
      </font>
    </div>
    <div
      className="usd_field"
    >
      <br />
      <img
        className="home_price_image"
        src="/images/XMR_Logo.png"
      />
      <font
        className="home_price"
        id="_XMR"
      >
        90.41
      </font>
    </div>
  </div>
  <div
    className="col-md-4"
  >
    <div
      className="usd_field"
    >
      <br />
      <img
        className="home_price_image"
        src="/images/GBP_Logo.png"
      />
      <font
        className="home_price"
        id="_GBP"
      >
        1.27
      </font>
    </div>
    <div
      className="usd_field"
    >
      <br />
      <img
        className="home_price_image"
        src="/images/BCH_Logo.png"
      />
      <font
        className="home_price"
        id="_BCH"
      >
        346.1
      </font>
    </div>
    <div
      className="usd_field"
    >
      <br />
      <img
        className="home_price_image"
        src="/images/ZEC_Logo.svg"
      />
      <font
        className="home_price"
        id="_ZEC"
      >
        113.57
      </font>
    </div>
    <div
      className="usd_field"
    >
      <br />
      <img
        className="home_price_image"
        src="/images/DCR_Logo.png"
      />
      <font
        className="home_price"
        id="_DCR"
      >
        33.81
      </font>
    </div>
  </div>
</div>
`;
